0 0 0
1 0.00273851 1.50204e-05
2 0.00547231 3.09944e-05
3 0.008215 4.63724e-05
4 0.0109363 6.47306e-05
5 0.0136869 8.23736e-05
6 0.0164133 0.000100136
7 0.0191598 0.00011754
8 0.0218883 0.00014019
9 0.0246167 0.000177622
10 0.0273314 0.000203371
11 0.0300179 0.000234127
12 0.0328101 0.000269055
13 0.0353522 0.00029695
14 0.0379242 0.00027287
15 0.0403321 0.000222921
16 0.0435608 0.000380158
17 0.0582588 0.000371858
18 0.0861212 0.000272632
19 0.116562 0.000433922
20 0.147415 0.000412345
21 0.179463 0.00026083
22 0.20987 0.000522971
23 0.23748 0.000167489
24 0.247514 2.74181e-05
25 0.249363 0.00020504
26 0.251242 0.000326514
27 0.252821 0.000400066
28 0.254778 0.00053966
29 0.256304 0.000615954
30 0.258629 0.000756741
31 0.261317 0.000828862
32 0.263249 0.00105381
33 0.264905 0.000999928
34 0.267974 0.000608325
35 0.271003 0.000511169
36 0.276163 0.000288963
37 0.279026 0.000658512
38 0.279717 0.000408173
39 0.284432 0.000406742
40 0.291507 0.00230098
41 0.291666 0.00294209
42 0.29289 0.00387466
43 0.296157 0.00411975
44 0.297976 0.00455463
45 0.305729 0.0063839
46 0.312473 0.00877285
47 0.306739 0.00812101
48 0.309911 0.00965142
49 0.309955 0.0115023
50 0.314177 0.013139
51 0.302165 0.00705671
52 0.252947 0.00263989
53 0.319157 0.0222425
54 0.218017 0.000777662
55 0.187341 0.00118196
56 0.143883 0.00739473
57 0.145583 0.00211793
58 0.149486 0.000471175
59 0.138613 0.0046218
60 0.150242 0.00288373
61 0.149331 0.00463396
62 0.154525 0.00313979
63 0.150984 0.0087828
64 0.111384 0.0217171
65 0.138974 0.0154019
66 0.13071 0.0164462
67 0.142228 0.013914
68 0.129688 0.0217636
69 0.164169 0.0151896
70 0.158293 0.0206032
71 0.120852 0.0188008
72 0.099638 0.0213076
73 0.122191 0.00996116
74 0.0967706 0.00260752
75 0.0619761 0.00267869
76 0.0561395 0.00200236
77 0.0688089 0.000654459
78 0.102254 0.00108314
79 0.128647 0.00121462
80 0.154942 6.28544
81 0.183707 6.28647
82 0.214327 6.28188
83 0.226337 6.2763
84 0.2445 6.27673
85 0.251179 6.27808
86 0.259388 6.27971
87 0.260197 6.27865
88 0.260832 6.27607
89 0.271858 6.27488
90 0.265679 6.27622
91 0.270871 6.27738
92 0.279884 6.28002
93 0.282463 6.28134
94 0.278006 6.27957
95 0.281157 6.2803
96 0.286277 6.28063
97 0.288125 6.28061
98 0.294125 6.28227
99 0.293615 6.28242
100 0.299475 6.28343
101 0.301797 6.28366
102 0.302582 6.28292
103 0.308567 6.28366
104 0.311109 6.28402
105 0.317254 6.28416
106 0.321945 6.28488
107 0.325936 6.28546
108 0.32648 6.28562
109 0.334208 6.28599
110 0.334169 6.28594
111 0.337171 6.28589
112 0.354763 6.28769
113 0.354229 6.28488
114 0.360334 0.00446224
115 0.36113 0.00733161
116 0.3686 0.00934863
117 0.370513 0.0123961
118 0.368844 0.0114515
119 0.359217 0.00920272
120 0.320034 0.000609636
